203.0.113.42 - - [02/Jan/2025:08:12:34 +0000] "GET /home HTTP/1.1" 200 4523 "-" "Mozilla/5.0 (Windows NT 10.0; Win64; x64) AppleWebKit/537.36"
198.51.100.17 - - [02/Jan/2025:08:15:01 +0000] "GET /productcatalog HTTP/1.1" 200 8901 "-" "Mozilla/5.0 (Macintosh; Intel Mac OS X 10_15_7)"
203.0.113.55 - - [02/Jan/2025:08:22:44 +0000] "GET /productcatalog/Jimi_backpack HTTP/1.1" 200 3201 "/productcatalog" "Mozilla/5.0 (iPhone; CPU iPhone OS 17_0)"
198.51.100.88 - - [02/Jan/2025:08:31:10 +0000] "POST /cart/add HTTP/1.1" 200 512 "/productcatalog/Jimi_backpack" "Mozilla/5.0 (Windows NT 10.0)"
203.0.113.42 - - [02/Jan/2025:08:35:22 +0000] "POST /checkout HTTP/1.1" 200 1024 "/cart" "Mozilla/5.0 (Windows NT 10.0)"
192.0.2.101 - - [02/Jan/2025:09:01:55 +0000] "GET /productcatalog/Tsunami_headphones HTTP/1.1" 200 2876 "-" "Mozilla/5.0 (Android 14)"
192.0.2.201 - - [02/Jan/2025:09:14:33 +0000] "GET /product/notfound HTTP/1.1" 404 312 "-" "Mozilla/5.0 (Windows NT 10.0)"
203.0.113.77 - - [02/Jan/2025:09:22:08 +0000] "GET /productcatalog/Lucky_Duck_toys HTTP/1.1" 200 4102 "-" "Mozilla/5.0 (Macintosh)"
198.51.100.33 - - [02/Jan/2025:09:45:19 +0000] "POST /cart/add HTTP/1.1" 200 512 "/productcatalog/Lucky_Duck_toys" "Mozilla/5.0 (iPad)"
203.0.113.19 - - [02/Jan/2025:10:03:44 +0000] "GET /support HTTP/1.1" 200 2201 "-" "Mozilla/5.0 (Windows NT 10.0)"
192.0.2.145 - - [03/Jan/2025:07:55:12 +0000] "GET /home HTTP/1.1" 200 4523 "-" "Mozilla/5.0 (Macintosh)"
203.0.113.62 - - [03/Jan/2025:08:10:30 +0000] "GET /productcatalog HTTP/1.1" 200 8901 "-" "Mozilla/5.0 (Windows NT 10.0)"
198.51.100.44 - - [03/Jan/2025:08:28:55 +0000] "GET /productcatalog/Flash_Drive_16GB HTTP/1.1" 200 1987 "-" "Mozilla/5.0 (Linux)"
192.0.2.77 - - [03/Jan/2025:08:41:02 +0000] "POST /cart/add HTTP/1.1" 500 256 "/productcatalog/Flash_Drive_16GB" "Mozilla/5.0 (Windows NT 10.0)"
203.0.113.99 - - [03/Jan/2025:09:05:17 +0000] "GET /productcatalog/Thunder_laptop HTTP/1.1" 200 5432 "-" "Mozilla/5.0 (Macintosh)"
198.51.100.55 - - [03/Jan/2025:09:33:48 +0000] "POST /cart/add HTTP/1.1" 200 512 "/productcatalog/Thunder_laptop" "Mozilla/5.0 (Windows NT 10.0)"
192.0.2.33 - - [03/Jan/2025:09:55:21 +0000] "POST /checkout HTTP/1.1" 200 1024 "/cart" "Mozilla/5.0 (Macintosh)"
203.0.113.42 - - [04/Jan/2025:08:02:33 +0000] "GET /home HTTP/1.1" 200 4523 "-" "Mozilla/5.0 (iPhone)"
198.51.100.17 - - [04/Jan/2025:08:17:44 +0000] "GET /productcatalog/Jimi_backpack HTTP/1.1" 200 3201 "-" "Mozilla/5.0 (Windows NT 10.0)"
192.0.2.88 - - [04/Jan/2025:08:44:09 +0000] "GET /about HTTP/1.1" 200 1876 "-" "Mozilla/5.0 (Linux)"
203.0.113.55 - - [04/Jan/2025:09:12:30 +0000] "GET /productcatalog/Tsunami_headphones HTTP/1.1" 200 2876 "-" "Mozilla/5.0 (Android 14)"
198.51.100.88 - - [04/Jan/2025:09:38:55 +0000] "POST /cart/add HTTP/1.1" 200 512 "/productcatalog/Tsunami_headphones" "Mozilla/5.0 (iPhone)"
192.0.2.201 - - [04/Jan/2025:10:01:22 +0000] "GET /missing_page HTTP/1.1" 404 312 "-" "Mozilla/5.0 (Windows NT 10.0)"
203.0.113.77 - - [04/Jan/2025:10:15:44 +0000] "POST /checkout HTTP/1.1" 200 1024 "/cart" "Mozilla/5.0 (Macintosh)"
198.51.100.33 - - [05/Jan/2025:07:44:11 +0000] "GET /home HTTP/1.1" 200 4523 "-" "Mozilla/5.0 (Windows NT 10.0)"
203.0.113.19 - - [05/Jan/2025:08:05:30 +0000] "GET /productcatalog HTTP/1.1" 200 8901 "-" "Mozilla/5.0 (Macintosh)"
192.0.2.145 - - [05/Jan/2025:08:22:48 +0000] "GET /productcatalog/Lucky_Duck_toys HTTP/1.1" 200 4102 "-" "Mozilla/5.0 (iPhone)"
203.0.113.62 - - [05/Jan/2025:08:51:03 +0000] "POST /cart/add HTTP/1.1" 200 512 "/productcatalog/Lucky_Duck_toys" "Mozilla/5.0 (Windows NT 10.0)"
198.51.100.44 - - [05/Jan/2025:09:14:27 +0000] "POST /checkout HTTP/1.1" 500 256 "/cart" "Mozilla/5.0 (Macintosh)"
192.0.2.77 - - [05/Jan/2025:09:45:55 +0000] "GET /support HTTP/1.1" 200 2201 "-" "Mozilla/5.0 (Android 14)"
203.0.113.99 - - [06/Jan/2025:08:01:44 +0000] "GET /home HTTP/1.1" 200 4523 "-" "Mozilla/5.0 (Windows NT 10.0)"
198.51.100.55 - - [06/Jan/2025:08:18:22 +0000] "GET /productcatalog/Flash_Drive_16GB HTTP/1.1" 200 1987 "-" "Mozilla/5.0 (Linux)"
192.0.2.33 - - [06/Jan/2025:08:44:09 +0000] "POST /cart/add HTTP/1.1" 200 512 "/productcatalog/Flash_Drive_16GB" "Mozilla/5.0 (iPhone)"
203.0.113.42 - - [06/Jan/2025:09:02:17 +0000] "GET /productcatalog/Thunder_laptop HTTP/1.1" 200 5432 "-" "Mozilla/5.0 (Macintosh)"
198.51.100.17 - - [06/Jan/2025:09:31:55 +0000] "POST /checkout HTTP/1.1" 200 1024 "/cart" "Mozilla/5.0 (Windows NT 10.0)"
192.0.2.88 - - [06/Jan/2025:10:00:33 +0000] "GET /product/expired HTTP/1.1" 404 312 "-" "Mozilla/5.0 (Linux)"
203.0.113.55 - - [07/Jan/2025:08:14:21 +0000] "GET /home HTTP/1.1" 200 4523 "-" "Mozilla/5.0 (iPhone)"
198.51.100.88 - - [07/Jan/2025:08:33:44 +0000] "GET /productcatalog/Jimi_backpack HTTP/1.1" 200 3201 "-" "Mozilla/5.0 (Macintosh)"
192.0.2.201 - - [07/Jan/2025:08:55:10 +0000] "POST /cart/add HTTP/1.1" 200 512 "/productcatalog/Jimi_backpack" "Mozilla/5.0 (Windows NT 10.0)"
203.0.113.77 - - [07/Jan/2025:09:22:38 +0000] "POST /checkout HTTP/1.1" 200 1024 "/cart" "Mozilla/5.0 (Android 14)"
198.51.100.33 - - [08/Jan/2025:08:05:19 +0000] "GET /home HTTP/1.1" 200 4523 "-" "Mozilla/5.0 (Windows NT 10.0)"
192.0.2.145 - - [08/Jan/2025:08:28:44 +0000] "GET /productcatalog/Tsunami_headphones HTTP/1.1" 200 2876 "-" "Mozilla/5.0 (Macintosh)"
203.0.113.19 - - [08/Jan/2025:09:01:55 +0000] "POST /cart/add HTTP/1.1" 500 256 "/productcatalog/Tsunami_headphones" "Mozilla/5.0 (iPhone)"
198.51.100.44 - - [08/Jan/2025:09:30:12 +0000] "GET /support HTTP/1.1" 200 2201 "-" "Mozilla/5.0 (Linux)"
203.0.113.62 - - [08/Jan/2025:10:00:44 +0000] "GET /about HTTP/1.1" 200 1876 "-" "Mozilla/5.0 (Android 14)"
192.0.2.77 - - [09/Jan/2025:08:11:30 +0000] "GET /home HTTP/1.1" 200 4523 "-" "Mozilla/5.0 (Windows NT 10.0)"
203.0.113.99 - - [09/Jan/2025:08:35:49 +0000] "GET /productcatalog HTTP/1.1" 200 8901 "-" "Mozilla/5.0 (Macintosh)"
198.51.100.55 - - [09/Jan/2025:09:02:17 +0000] "GET /productcatalog/Lucky_Duck_toys HTTP/1.1" 200 4102 "-" "Mozilla/5.0 (iPad)"
192.0.2.33 - - [09/Jan/2025:09:28:44 +0000] "POST /cart/add HTTP/1.1" 200 512 "/productcatalog/Lucky_Duck_toys" "Mozilla/5.0 (Windows NT 10.0)"
203.0.113.42 - - [09/Jan/2025:09:55:11 +0000] "POST /checkout HTTP/1.1" 200 1024 "/cart" "Mozilla/5.0 (Macintosh)"
198.51.100.17 - - [10/Jan/2025:08:02:33 +0000] "GET /home HTTP/1.1" 200 4523 "-" "Mozilla/5.0 (iPhone)"
192.0.2.88 - - [10/Jan/2025:08:20:50 +0000] "GET /productcatalog/Flash_Drive_16GB HTTP/1.1" 200 1987 "-" "Mozilla/5.0 (Windows NT 10.0)"
203.0.113.55 - - [10/Jan/2025:08:48:22 +0000] "POST /cart/add HTTP/1.1" 200 512 "/productcatalog/Flash_Drive_16GB" "Mozilla/5.0 (Linux)"
198.51.100.88 - - [10/Jan/2025:09:15:44 +0000] "GET /productcatalog/Thunder_laptop HTTP/1.1" 200 5432 "-" "Mozilla/5.0 (Macintosh)"
192.0.2.201 - - [10/Jan/2025:09:41:09 +0000] "POST /checkout HTTP/1.1" 200 1024 "/cart" "Mozilla/5.0 (Windows NT 10.0)"
203.0.113.77 - - [10/Jan/2025:10:10:33 +0000] "GET /cart/empty HTTP/1.1" 404 312 "-" "Mozilla/5.0 (Android 14)"
198.51.100.33 - - [11/Jan/2025:08:05:17 +0000] "GET /home HTTP/1.1" 200 4523 "-" "Mozilla/5.0 (Windows NT 10.0)"
203.0.113.19 - - [11/Jan/2025:08:22:44 +0000] "GET /productcatalog/Jimi_backpack HTTP/1.1" 200 3201 "-" "Mozilla/5.0 (iPhone)"
192.0.2.145 - - [11/Jan/2025:08:51:09 +0000] "POST /cart/add HTTP/1.1" 200 512 "/productcatalog/Jimi_backpack" "Mozilla/5.0 (Macintosh)"
198.51.100.44 - - [11/Jan/2025:09:20:33 +0000] "POST /checkout HTTP/1.1" 200 1024 "/cart" "Mozilla/5.0 (Windows NT 10.0)"
203.0.113.62 - - [12/Jan/2025:08:15:22 +0000] "GET /home HTTP/1.1" 200 4523 "-" "Mozilla/5.0 (Linux)"
192.0.2.77 - - [12/Jan/2025:08:40:55 +0000] "GET /productcatalog/Tsunami_headphones HTTP/1.1" 200 2876 "-" "Mozilla/5.0 (iPad)"
203.0.113.99 - - [12/Jan/2025:09:05:17 +0000] "POST /cart/add HTTP/1.1" 500 256 "/productcatalog/Tsunami_headphones" "Mozilla/5.0 (Windows NT 10.0)"
198.51.100.55 - - [12/Jan/2025:09:35:44 +0000] "GET /support HTTP/1.1" 200 2201 "-" "Mozilla/5.0 (Macintosh)"
192.0.2.33 - - [12/Jan/2025:10:02:11 +0000] "GET /about HTTP/1.1" 200 1876 "-" "Mozilla/5.0 (Android 14)"
203.0.113.42 - - [13/Jan/2025:08:08:30 +0000] "GET /home HTTP/1.1" 200 4523 "-" "Mozilla/5.0 (Windows NT 10.0)"
198.51.100.17 - - [13/Jan/2025:08:30:55 +0000] "GET /productcatalog HTTP/1.1" 200 8901 "-" "Mozilla/5.0 (Macintosh)"
192.0.2.88 - - [13/Jan/2025:08:55:17 +0000] "GET /productcatalog/Lucky_Duck_toys HTTP/1.1" 200 4102 "-" "Mozilla/5.0 (iPhone)"
203.0.113.55 - - [13/Jan/2025:09:20:44 +0000] "POST /cart/add HTTP/1.1" 200 512 "/productcatalog/Lucky_Duck_toys" "Mozilla/5.0 (Linux)"
198.51.100.88 - - [13/Jan/2025:09:50:11 +0000] "POST /checkout HTTP/1.1" 200 1024 "/cart" "Mozilla/5.0 (Windows NT 10.0)"
192.0.2.201 - - [14/Jan/2025:08:12:44 +0000] "GET /home HTTP/1.1" 200 4523 "-" "Mozilla/5.0 (Macintosh)"
203.0.113.77 - - [14/Jan/2025:08:38:09 +0000] "GET /productcatalog/Flash_Drive_16GB HTTP/1.1" 200 1987 "-" "Mozilla/5.0 (Windows NT 10.0)"
198.51.100.33 - - [14/Jan/2025:09:02:33 +0000] "POST /cart/add HTTP/1.1" 200 512 "/productcatalog/Flash_Drive_16GB" "Mozilla/5.0 (iPad)"
203.0.113.19 - - [14/Jan/2025:09:28:55 +0000] "GET /productcatalog/Thunder_laptop HTTP/1.1" 200 5432 "-" "Mozilla/5.0 (Macintosh)"
192.0.2.145 - - [14/Jan/2025:09:55:22 +0000] "POST /checkout HTTP/1.1" 200 1024 "/cart" "Mozilla/5.0 (iPhone)"
203.0.113.19 - - [14/Jan/2025:10:20:44 +0000] "GET /broken_link HTTP/1.1" 404 312 "-" "Mozilla/5.0 (Windows NT 10.0)"
198.51.100.44 - - [15/Jan/2025:08:05:17 +0000] "GET /home HTTP/1.1" 200 4523 "-" "Mozilla/5.0 (Linux)"
203.0.113.62 - - [15/Jan/2025:08:28:44 +0000] "GET /productcatalog/Jimi_backpack HTTP/1.1" 200 3201 "-" "Mozilla/5.0 (Macintosh)"
192.0.2.77 - - [15/Jan/2025:08:55:11 +0000] "POST /cart/add HTTP/1.1" 200 512 "/productcatalog/Jimi_backpack" "Mozilla/5.0 (Windows NT 10.0)"
203.0.113.99 - - [15/Jan/2025:09:22:33 +0000] "POST /checkout HTTP/1.1" 200 1024 "/cart" "Mozilla/5.0 (Android 14)"
198.51.100.55 - - [16/Jan/2025:08:10:22 +0000] "GET /home HTTP/1.1" 200 4523 "-" "Mozilla/5.0 (iPhone)"
192.0.2.33 - - [16/Jan/2025:08:35:44 +0000] "GET /productcatalog/Tsunami_headphones HTTP/1.1" 200 2876 "-" "Mozilla/5.0 (Macintosh)"
203.0.113.42 - - [16/Jan/2025:09:01:09 +0000] "POST /cart/add HTTP/1.1" 500 256 "/productcatalog/Tsunami_headphones" "Mozilla/5.0 (Windows NT 10.0)"
198.51.100.17 - - [16/Jan/2025:09:30:33 +0000] "GET /support HTTP/1.1" 200 2201 "-" "Mozilla/5.0 (Linux)"
192.0.2.88 - - [17/Jan/2025:08:14:55 +0000] "GET /home HTTP/1.1" 200 4523 "-" "Mozilla/5.0 (Windows NT 10.0)"
203.0.113.55 - - [17/Jan/2025:08:40:17 +0000] "GET /productcatalog HTTP/1.1" 200 8901 "-" "Mozilla/5.0 (Macintosh)"
198.51.100.88 - - [17/Jan/2025:09:05:44 +0000] "GET /productcatalog/Lucky_Duck_toys HTTP/1.1" 200 4102 "-" "Mozilla/5.0 (iPhone)"
192.0.2.201 - - [17/Jan/2025:09:30:11 +0000] "POST /cart/add HTTP/1.1" 200 512 "/productcatalog/Lucky_Duck_toys" "Mozilla/5.0 (iPad)"
203.0.113.77 - - [17/Jan/2025:09:55:33 +0000] "POST /checkout HTTP/1.1" 200 1024 "/cart" "Mozilla/5.0 (Windows NT 10.0)"
198.51.100.33 - - [18/Jan/2025:08:02:17 +0000] "GET /home HTTP/1.1" 200 4523 "-" "Mozilla/5.0 (Android 14)"
203.0.113.19 - - [18/Jan/2025:08:25:44 +0000] "GET /productcatalog/Flash_Drive_16GB HTTP/1.1" 200 1987 "-" "Mozilla/5.0 (Macintosh)"
192.0.2.145 - - [18/Jan/2025:08:52:11 +0000] "POST /cart/add HTTP/1.1" 200 512 "/productcatalog/Flash_Drive_16GB" "Mozilla/5.0 (Windows NT 10.0)"
198.51.100.44 - - [18/Jan/2025:09:20:33 +0000] "GET /productcatalog/Thunder_laptop HTTP/1.1" 200 5432 "-" "Mozilla/5.0 (Linux)"
203.0.113.62 - - [18/Jan/2025:09:48:55 +0000] "POST /checkout HTTP/1.1" 200 1024 "/cart" "Mozilla/5.0 (Macintosh)"
192.0.2.77 - - [18/Jan/2025:10:15:22 +0000] "GET /old_promo HTTP/1.1" 404 312 "-" "Mozilla/5.0 (iPhone)"
